user: No such file.

user: No such book in file.

user: Successfully added: To Kill a Mockingbird (Harper Lee).

user: Book already exists in system.

user: Ending Library process.
