user: 1 books successfully added.

user: No such collection.

user: 12 books successfully added.

user: 4 books successfully added.

user: No books have been added to the system.

user: No books have been added to the system.

user: Ending Library process.
