user: Success.

user: 100000: Jeremy

user: Success.

user: 100001: yeehaw

user: Success.

user: 100002: sdkfns

user: Success.

user: 100003: yeeeeeehaw

user: Ending Library process.
