user: No such book in system.

user: 17 books successfully added.

user: No rental history.

user: Success.

user: No rental history.

user: Success.

user: No rental history.

user: Success.

user: 100000

user: Success.

user: Success.

user: Success.

user: Success.

user: Book already exists in system.

user: Success.

user: Success.

user: Success.

user: Success.

user: Success.

user: Success.

user: Success.

user: Success.

user: Success.

user: Success.

user: 100000
100000
100001
100002
100003
100004

user: Ending Library process.
