user: No members in system.

user: Success.

user: No books in system.

user: 17 books successfully added.

user: No such member in system.

user: Success.

user: No such member in system.

user: Duplicate members provided.

user: No common books.

user: No common books.

user: Success.

user: Success.

user: Success.

user: Success.

user: Success.

user: Success.

user: Success.

user: Success.

user: Success.

user: Success.

user: To Kill a Mockingbird (Harper Lee)
The Hobbit (J.R.R. Tolkien)
The Iliad (Homer)
The Odyssey (Homer)
The Hitchhiker's Guide to the Galaxy (Douglas Adams)

user: Success.

user: Success.

user: Success.

user: Success.

user: Success.

user: Success.

user: To Kill a Mockingbird (Harper Lee)
The Iliad (Homer)
The Odyssey (Homer)

user: To Kill a Mockingbird (Harper Lee)
The Iliad (Homer)
The Odyssey (Homer)

user: Success.

user: Success.

user: Success.

user: Success.

user: Success.

user: Success.

user: Success.

user: Success.

user: To Kill a Mockingbird (Harper Lee)
The Iliad (Homer)
The Odyssey (Homer)

user: Success.

user: Success.

user: Success.

user: To Kill a Mockingbird (Harper Lee)

user: Success.

user: Success.

user: Success.

user: No common books.

user: Ending Library process.
