user: No books in system.

user: Successfully added: To Kill a Mockingbird (Harper Lee).

user: Harper Lee

user: 9 books successfully added.

user: Bob Kane
Douglas Adams
Harper Lee
Homer
J.K. Rowling
J.R.R. Tolkien
Jamie Lee Curtis
T.S. Eliot
Virgil
W.E. Johns

user: 7 books successfully added.

user: Bob Kane
Douglas Adams
Harper Lee
Homer
J.K. Rowling
J.R.R. Tolkien
Jamie Lee Curtis
T.S. Eliot
Virgil
W.E. Johns

user: Ending Library process.
