user: No books in system.

user: 17 books successfully added.

user: No books by yeet tetyet ytey.

user: The Iliad (Homer)
The Odyssey (Homer)

user: Batman Volume 1 (Bob Kane)

user: Harry Potter 1 (J.K. Rowling)
Harry Potter 2 (J.K. Rowling)
Harry Potter 3 (J.K. Rowling)
Harry Potter 4 (J.K. Rowling)
Harry Potter 5 (J.K. Rowling)
Harry Potter 6 (J.K. Rowling)

user: 14 books successfully added.

user: The Iliad (Homer)
The Odyssey (Homer)
The Iliad (Homer)
The Odyssey (Homer)

user: Batman Volume 1 (Bob Kane)
Batman Volume 1 (Bob Kane)

user: Harry Potter 1 (J.K. Rowling)
Harry Potter 2 (J.K. Rowling)
Harry Potter 3 (J.K. Rowling)
Harry Potter 4 (J.K. Rowling)
Harry Potter 5 (J.K. Rowling)
Harry Potter 6 (J.K. Rowling)
Harry Potter 1 (J.K. Rowling)
Harry Potter 2 (J.K. Rowling)
Harry Potter 4 (J.K. Rowling)
Harry Potter 5 (J.K. Rowling)
Harry Potter 6 (J.K. Rowling)

user: Ending Library process.
