user: No books in system.

user: 10 books successfully added.

user: Comedy
Comic
Epic
Fantasy
Historical Fiction
Horror
Poetry
War

user: 21 books successfully added.

user: Comedy
Comic
Epic
Fantasy
Historical Fiction
Horror
Poetry
War

user: Ending Library process.
