user: No members in system.

user: Success.

user: No such member in system.

user: 100000: beachboys

user: Ending Library process.
