user: No members in system.

user: Success.

user: No such member in system.

user: No rental history for member.

user: 17 books successfully added.

user: Success.

user: No rental history for member.

user: Success.

user: To Kill a Mockingbird (Harper Lee)

user: Success.

user: Success.

user: Success.

user: Success.

user: Success.

user: Success.

user: Success.

user: Success.

user: To Kill a Mockingbird (Harper Lee)

user: Success.

user: Success.

user: Success.

user: Success.

user: Success.

user: Success.

user: Success.

user: Success.

user: To Kill a Mockingbird (Harper Lee)
To Kill a Mockingbird (Harper Lee)
The Hobbit (J.R.R. Tolkien)
The Iliad (Homer)
The Odyssey (Homer)
The Hitchhiker's Guide to the Galaxy (Douglas Adams)
So Long and Thanks for all the Fish (Douglas Adams)
Batman Volume 1 (Bob Kane)
Harry Potter 1 (J.K. Rowling)

user: Ending Library process.
