user: No members in system.

user: Success.

user: No such member in system.

user: Success.

user: Member not currently renting.

user: 17 books successfully added.

user: Success.

user: Success.

user: Success.

user: Success.

user: Success.

user: Success.

user: Success.

user: To Kill a Mockingbird (Harper Lee)
The Hobbit (J.R.R. Tolkien)
The Iliad (Homer)
The Odyssey (Homer)
The Hitchhiker's Guide to the Galaxy (Douglas Adams)
So Long and Thanks for all the Fish (Douglas Adams)
Batman Volume 1 (Bob Kane)

user: Success.

user: Member not currently renting.

user: Ending Library process.
