user: No books in system.

user: 17 books successfully added.

user: Success.

user: Ending Library process.
